[2J[H[1;37;44m
ษออออออออออออออออออออออออออออออออออออออออออออออออออออออออออออออออออออออออออป
บ                                                                          บ
บ   [1;33mÛÛÛÛÛÛป ÛÛป      ÛÛÛÛÛป  ÛÛÛÛÛÛปÛÛป  ÛÛปÛÛÛÛÛÛป  ÛÛÛÛÛÛป  ÛÛÛÛÛป ÛÛÛÛÛÛป ÛÛÛÛÛÛป [0;1;37;44m บ
บ   [1;33mÛÛษออÛÛปÛÛบ     ÛÛษออÛÛปÛÛษออออผÛÛบ ÛÛษผÛÛษออÛÛปÛÛษอออÛÛปÛÛษออÛÛปÛÛษออÛÛปÛÛษออÛÛป[0;1;37;44m บ
บ   [1;33mÛÛÛÛÛÛษผÛÛบ     ÛÛÛÛÛÛÛบÛÛบ     ÛÛÛÛÛษผ ÛÛÛÛÛÛษผÛÛบ   ÛÛบÛÛÛÛÛÛÛบÛÛÛÛÛÛษผÛÛบ  ÛÛบ[0;1;37;44m บ
บ   [1;33mÛÛษออÛÛปÛÛบ     ÛÛษออÛÛบÛÛบ     ÛÛษอÛÛป ÛÛษออÛÛปÛÛบ   ÛÛบÛÛษออÛÛบÛÛษออÛÛปÛÛบ  ÛÛบ[0;1;37;44m บ
บ   [1;33mÛÛÛÛÛÛษผÛÛÛÛÛÛÛปÛÛบ  ÛÛบศÛÛÛÛÛÛปÛÛบ  ÛÛปÛÛÛÛÛÛษผศÛÛÛÛÛÛษผÛÛบ  ÛÛบÛÛบ  ÛÛบÛÛÛÛÛÛษผ[0;1;37;44m บ
บ   [1;33mศอออออผ ศออออออผศอผ  ศอผ ศอออออผศอผ  ศอผศอออออผ  ศอออออผ ศอผ  ศอผศอผ  ศอผศอออออผ [0;1;37;44m บ
บ                                                                          บ
บ                     [1;36mWelcome to {BBS_NAME}[0;1;37;44m                              บ
บ                        [1;32mVersion {BBS_VERSION}[0;1;37;44m                                  บ
บ                                                                          บ
บ  [1;31mฒฒฒฒฒฒฒฒฒฒฒฒฒฒฒฒฒฒฒฒฒฒฒฒฒฒฒฒฒฒฒฒฒฒฒฒฒฒฒฒฒฒฒฒฒฒฒฒฒฒฒฒฒฒฒฒฒฒฒฒฒฒฒฒฒฒฒฒ[0;1;37;44m  บ
บ                                                                          บ
บ  [1;37mNode: {NODE_NUMBER}                          Current Time: {CURRENT_TIME}[0;1;37;44m    บ
บ  [1;37mTotal Users: {TOTAL_USERS}                   Users Online: {USERS_ONLINE}[0;1;37;44m       บ
บ                                                                          บ
บ  [1;35mConnecting from: {CALLER_IP}[0;1;37;44m                                              บ
บ                                                                          บ
ศออออออออออออออออออออออออออออออออออออออออออออออออออออออออออออออออออออออออออผ
[0m

[1;36mPress any key to continue...[0m
